<html>
<body>
<pre>
<h1>µVision Build Log</h1>
<h2>Tool Versions:</h2>
IDE-Version: ¦ÌVision V5.23.0.0
Copyright (C) 2017 ARM Ltd and ARM Germany GmbH. All rights reserved.
License Information: popctrl z, Popctrl, LIC=SDA30-BF76W-QDUKD-8FISV-URX70-JVXNQ
 
Tool Versions:
Toolchain:       MDK-ARM Plus  Version: 5.23
Toolchain Path:  C:\Keil_v5\ARM\ARMCC\Bin
C Compiler:      Armcc.exe V5.06 update 4 (build 422)
Assembler:       Armasm.exe V5.06 update 4 (build 422)
Linker/Locator:  ArmLink.exe V5.06 update 4 (build 422)
Library Manager: ArmAr.exe V5.06 update 4 (build 422)
Hex Converter:   FromElf.exe V5.06 update 4 (build 422)
CPU DLL:         SARMCM3.DLL V5.23
Dialog DLL:      DARMCM1.DLL V1.17.0.0
Target DLL:      coocox-agdi.dll V???
Dialog DLL:      TARMCM1.DLL V1.12.0.0
 
<h2>Project:</h2>
E:\DesignSW\W7500P-Tau\W7500P-Tau-FW\Projects\portFreeRTOS\MDK\portFreeRTOS.uvproj
Project File Date:  06/14/2017

<h2>Output:</h2>
*** Using Compiler 'V5.06 update 4 (build 422)', folder: 'C:\Keil_v5\ARM\ARMCC\Bin'
Build target 'portFreeRTOS'
assembling startup_W7500x_FreeRTOS.s...
compiling W7500x_gpio.c...
compiling W7500x_crg.c...
compiling W7500x_uart.c...
compiling system_W7500x.c...
compiling main.c...
compiling W7500x_it.c...
compiling port.c...
compiling tasks.c...
compiling list.c...
compiling queue.c...
compiling heap_2.c...
compiling croutine.c...
compiling event_groups.c...
compiling timers.c...
compiling print_x.c...
linking...
Program Size: Code=8172 RO-data=264 RW-data=100 ZI-data=8468  
FromELF: creating hex file...
After Build - User command #2: fromelf --bin -o "E:\DesignSW\W7500P-Tau\W7500P-Tau-FW\Projects\portFreeRTOS\MDK\Obj\portFreeRTOS.bin" "E:\DesignSW\W7500P-Tau\W7500P-Tau-FW\Projects\portFreeRTOS\MDK\Obj\portFreeRTOS.axf"
".\Obj\portFreeRTOS.axf" - 0 Error(s), 0 Warning(s).
Build Time Elapsed:  00:00:10
</pre>
</body>
</html>
