Component: ARM Compiler 5.06 update 4 (build 422) Tool: armlink [4d35d2]

==============================================================================

Section Cross References

    startup_w7500x_freertos.o(STACK) refers (Special) to heapauxi.o(.text) for __use_two_region_memory
    startup_w7500x_freertos.o(HEAP) refers (Special) to heapauxi.o(.text) for __use_two_region_memory
    startup_w7500x_freertos.o(RESET) refers (Special) to heapauxi.o(.text) for __use_two_region_memory
    startup_w7500x_freertos.o(RESET) refers to startup_w7500x_freertos.o(STACK) for __initial_sp
    startup_w7500x_freertos.o(RESET) refers to startup_w7500x_freertos.o(.text) for Reset_Handler
    startup_w7500x_freertos.o(RESET) refers to w7500x_it.o(.text) for NMI_Handler
    startup_w7500x_freertos.o(RESET) refers to port.o(.text) for vPortSVCHandler
    startup_w7500x_freertos.o(RESET) refers to port.o(.emb_text) for xPortPendSVHandler
    startup_w7500x_freertos.o(.text) refers (Special) to heapauxi.o(.text) for __use_two_region_memory
    startup_w7500x_freertos.o(.text) refers to system_w7500x.o(.text) for SystemInit
    startup_w7500x_freertos.o(.text) refers to __main.o(!!!main) for __main
    startup_w7500x_freertos.o(.text) refers to startup_w7500x_freertos.o(HEAP) for Heap_Mem
    startup_w7500x_freertos.o(.text) refers to startup_w7500x_freertos.o(STACK) for Stack_Mem
    w7500x_uart.o(.text) refers to aeabi_sdiv.o(.text) for __aeabi_uidivmod
    w7500x_uart.o(.text) refers to fflti.o(.text) for __aeabi_ui2f
    w7500x_uart.o(.text) refers to fdiv.o(.text) for __aeabi_fdiv
    w7500x_uart.o(.text) refers to ffixui.o(.text) for __aeabi_f2uiz
    w7500x_uart.o(.text) refers to faddsub.o(x$fpl$frsb) for __aeabi_frsub
    w7500x_uart.o(.text) refers to fscalbn.o(.text) for __ARM_scalbnf
    w7500x_uart.o(.text) refers to f2d.o(.text) for __aeabi_f2d
    w7500x_uart.o(.text) refers to daddsub.o(.text) for __aeabi_dadd
    w7500x_uart.o(.text) refers to dfixui.o(.text) for __aeabi_d2uiz
    w7500x_uart.o(.text) refers to system_w7500x.o(.text) for GetSystemClock
    system_w7500x.o(.text) refers to aeabi_sdiv.o(.text) for __aeabi_uidivmod
    system_w7500x.o(.text) refers to system_w7500x.o(.data) for .data
    main.o(.text) refers to w7500x_gpio.o(.text) for GPIO_ReadOutputDataBit
    main.o(.text) refers to print_x.o(.text) for prt_str
    main.o(.text) refers to tasks.o(.text) for vTaskDelay
    main.o(.text) refers to system_w7500x.o(.text) for SystemInit
    main.o(.text) refers to w7500x_uart.o(.text) for S_UART_Init
    main.o(.text) refers to main.o(.data) for .data
    port.o(.emb_text) refers to tasks.o(.data) for pxCurrentTCB
    port.o(.emb_text) refers to tasks.o(.text) for vTaskSwitchContext
    port.o(.text) refers to port.o(.emb_text) for __asm___6_port_c_39a90d8d__prvPortStartFirstTask
    port.o(.text) refers to tasks.o(.text) for xTaskIncrementTick
    port.o(.text) refers to port.o(.data) for .data
    tasks.o(.text) refers to port.o(.text) for vPortEnterCritical
    tasks.o(.text) refers to list.o(.text) for vListInitialise
    tasks.o(.text) refers to heap_2.o(.text) for pvPortMalloc
    tasks.o(.text) refers to tasks.o(.data) for .data
    tasks.o(.text) refers to tasks.o(.bss) for .bss
    tasks.o(.text) refers to port.o(.emb_text) for ulSetInterruptMaskFromISR
    tasks.o(.text) refers to tasks.o(i.__ARM_common_switch8) for __ARM_common_switch8
    queue.o(.text) refers to port.o(.text) for vPortEnterCritical
    queue.o(.text) refers to list.o(.text) for vListInitialise
    queue.o(.text) refers to tasks.o(.text) for xTaskRemoveFromEventList
    queue.o(.text) refers to heap_2.o(.text) for pvPortMalloc
    queue.o(.text) refers to rt_memcpy.o(.text) for __aeabi_memcpy
    queue.o(.text) refers to port.o(.emb_text) for ulSetInterruptMaskFromISR
    heap_2.o(.text) refers to tasks.o(.text) for vTaskSuspendAll
    heap_2.o(.text) refers to heap_2.o(.data) for .data
    heap_2.o(.text) refers to heap_2.o(.bss) for .bss
    event_groups.o(.text) refers to heap_2.o(.text) for pvPortMalloc
    event_groups.o(.text) refers to list.o(.text) for vListInitialise
    event_groups.o(.text) refers to tasks.o(.text) for vTaskSuspendAll
    event_groups.o(.text) refers to port.o(.text) for vPortYield
    event_groups.o(.text) refers to port.o(.emb_text) for ulSetInterruptMaskFromISR
    rt_memcpy.o(.text) refers to rt_memcpy.o(.emb_text) for __aeabi_memcpy4
    __main.o(!!!main) refers to __rtentry.o(.ARM.Collect$$rtentry$$00000000) for __rt_entry
    daddsub.o(.text) refers (Special) to usenofp.o(x$fpl$usenofp) for __I$use$fp
    dfixui.o(.text) refers (Special) to usenofp.o(x$fpl$usenofp) for __I$use$fp
    f2d.o(.text) refers (Special) to usenofp.o(x$fpl$usenofp) for __I$use$fp
    faddsub.o(x$fpl$fadd) refers (Special) to usenofp.o(x$fpl$usenofp) for __I$use$fp
    faddsub.o(x$fpl$fadd) refers to faddsub.o(x$fpl$fsub) for _fsub1
    faddsub.o(x$fpl$frsb) refers (Special) to usenofp.o(x$fpl$usenofp) for __I$use$fp
    faddsub.o(x$fpl$frsb) refers to faddsub.o(x$fpl$fsub) for _fsub1
    faddsub.o(x$fpl$frsb) refers to faddsub.o(x$fpl$fadd) for _fadd1
    faddsub.o(x$fpl$fsub) refers (Special) to usenofp.o(x$fpl$usenofp) for __I$use$fp
    faddsub.o(x$fpl$fsub) refers to faddsub.o(x$fpl$fadd) for _fadd1
    fdiv.o(.text) refers (Special) to usenofp.o(x$fpl$usenofp) for __I$use$fp
    fdiv.o(.text) refers to fdiv.o(.constdata) for .constdata
    fdiv.o(.constdata) refers (Special) to usenofp.o(x$fpl$usenofp) for __I$use$fp
    ffixui.o(.text) refers (Special) to usenofp.o(x$fpl$usenofp) for __I$use$fp
    fflti.o(.text) refers (Special) to usenofp.o(x$fpl$usenofp) for __I$use$fp
    fscalbn.o(.text) refers (Special) to usenofp.o(x$fpl$usenofp) for __I$use$fp
    __rtentry.o(.ARM.Collect$$rtentry$$00000000) refers (Special) to __rtentry2.o(.ARM.Collect$$rtentry$$0000000A) for __rt_entry_li
    __rtentry.o(.ARM.Collect$$rtentry$$00000000) refers (Special) to __rtentry2.o(.ARM.Collect$$rtentry$$0000000D) for __rt_entry_main
    __rtentry.o(.ARM.Collect$$rtentry$$00000000) refers (Special) to __rtentry2.o(.ARM.Collect$$rtentry$$0000000C) for __rt_entry_postli_1
    __rtentry.o(.ARM.Collect$$rtentry$$00000000) refers (Special) to __rtentry2.o(.ARM.Collect$$rtentry$$00000009) for __rt_entry_postsh_1
    __rtentry.o(.ARM.Collect$$rtentry$$00000000) refers (Special) to __rtentry2.o(.ARM.Collect$$rtentry$$00000002) for __rt_entry_presh_1
    __rtentry.o(.ARM.Collect$$rtentry$$00000000) refers (Special) to __rtentry4.o(.ARM.Collect$$rtentry$$00000004) for __rt_entry_sh
    aeabi_idiv0_sigfpe.o(.text) refers to rt_div0.o(.text) for __rt_div0
    __rtentry2.o(.ARM.Collect$$rtentry$$00000008) refers to boardinit2.o(.text) for _platform_post_stackheap_init
    __rtentry2.o(.ARM.Collect$$rtentry$$0000000A) refers to libinit.o(.ARM.Collect$$libinit$$00000000) for __rt_lib_init
    __rtentry2.o(.ARM.Collect$$rtentry$$0000000B) refers to boardinit3.o(.text) for _platform_post_lib_init
    __rtentry2.o(.ARM.Collect$$rtentry$$0000000D) refers to main.o(.text) for main
    __rtentry2.o(.ARM.Collect$$rtentry$$0000000D) refers to exit.o(.text) for exit
    __rtentry2.o(.ARM.exidx) refers to __rtentry2.o(.ARM.Collect$$rtentry$$00000001) for .ARM.Collect$$rtentry$$00000001
    __rtentry2.o(.ARM.exidx) refers to __rtentry2.o(.ARM.Collect$$rtentry$$00000008) for .ARM.Collect$$rtentry$$00000008
    __rtentry2.o(.ARM.exidx) refers to __rtentry2.o(.ARM.Collect$$rtentry$$0000000A) for .ARM.Collect$$rtentry$$0000000A
    __rtentry2.o(.ARM.exidx) refers to __rtentry2.o(.ARM.Collect$$rtentry$$0000000B) for .ARM.Collect$$rtentry$$0000000B
    __rtentry2.o(.ARM.exidx) refers to __rtentry2.o(.ARM.Collect$$rtentry$$0000000D) for .ARM.Collect$$rtentry$$0000000D
    __rtentry4.o(.ARM.Collect$$rtentry$$00000004) refers to sys_stackheap_outer.o(.text) for __user_setup_stackheap
    __rtentry4.o(.ARM.exidx) refers to __rtentry4.o(.ARM.Collect$$rtentry$$00000004) for .ARM.Collect$$rtentry$$00000004
    rt_div0.o(.text) refers to defsig_fpe_outer.o(.text) for __rt_SIGFPE
    sys_stackheap_outer.o(.text) refers to libspace.o(.text) for __user_perproc_libspace
    sys_stackheap_outer.o(.text) refers to startup_w7500x_freertos.o(.text) for __user_initial_stackheap
    sys_stackheap_outer.o(__vectab_stack_and_reset_area) refers to tempstk.o(.text) for __temporary_stack_top
    sys_stackheap_outer.o(__vectab_stack_and_reset_area) refers to __main.o(!!!main) for __main
    exit.o(.text) refers to rtexit.o(.ARM.Collect$$rtexit$$00000000) for __rt_exit
    defsig_fpe_outer.o(.text) refers to defsig_fpe_inner.o(.text) for __rt_SIGFPE_inner
    defsig_fpe_outer.o(.text) refers to defsig_exit.o(.text) for __sig_exit
    defsig_fpe_formal.o(.text) refers to rt_raise.o(.text) for __rt_raise
    libinit.o(.ARM.Collect$$libinit$$00000000) refers (Special) to libinit2.o(.ARM.Collect$$libinit$$0000002E) for __rt_lib_init_alloca_1
    libinit.o(.ARM.Collect$$libinit$$00000000) refers (Special) to libinit2.o(.ARM.Collect$$libinit$$0000002C) for __rt_lib_init_argv_1
    libinit.o(.ARM.Collect$$libinit$$00000000) refers (Special) to libinit2.o(.ARM.Collect$$libinit$$0000001B) for __rt_lib_init_atexit_1
    libinit.o(.ARM.Collect$$libinit$$00000000) refers (Special) to libinit2.o(.ARM.Collect$$libinit$$00000021) for __rt_lib_init_clock_1
    libinit.o(.ARM.Collect$$libinit$$00000000) refers (Special) to libinit2.o(.ARM.Collect$$libinit$$00000032) for __rt_lib_init_cpp_1
    libinit.o(.ARM.Collect$$libinit$$00000000) refers (Special) to libinit2.o(.ARM.Collect$$libinit$$00000030) for __rt_lib_init_exceptions_1
    libinit.o(.ARM.Collect$$libinit$$00000000) refers (Special) to libinit2.o(.ARM.Collect$$libinit$$00000002) for __rt_lib_init_fp_1
    libinit.o(.ARM.Collect$$libinit$$00000000) refers (Special) to libinit2.o(.ARM.Collect$$libinit$$0000001F) for __rt_lib_init_fp_trap_1
    libinit.o(.ARM.Collect$$libinit$$00000000) refers (Special) to libinit2.o(.ARM.Collect$$libinit$$00000023) for __rt_lib_init_getenv_1
    libinit.o(.ARM.Collect$$libinit$$00000000) refers (Special) to libinit2.o(.ARM.Collect$$libinit$$0000000A) for __rt_lib_init_heap_1
    libinit.o(.ARM.Collect$$libinit$$00000000) refers (Special) to libinit2.o(.ARM.Collect$$libinit$$00000011) for __rt_lib_init_lc_collate_1
    libinit.o(.ARM.Collect$$libinit$$00000000) refers (Special) to libinit2.o(.ARM.Collect$$libinit$$00000013) for __rt_lib_init_lc_ctype_1
    libinit.o(.ARM.Collect$$libinit$$00000000) refers (Special) to libinit2.o(.ARM.Collect$$libinit$$00000015) for __rt_lib_init_lc_monetary_1
    libinit.o(.ARM.Collect$$libinit$$00000000) refers (Special) to libinit2.o(.ARM.Collect$$libinit$$00000017) for __rt_lib_init_lc_numeric_1
    libinit.o(.ARM.Collect$$libinit$$00000000) refers (Special) to libinit2.o(.ARM.Collect$$libinit$$00000019) for __rt_lib_init_lc_time_1
    libinit.o(.ARM.Collect$$libinit$$00000000) refers (Special) to libinit2.o(.ARM.Collect$$libinit$$00000004) for __rt_lib_init_preinit_1
    libinit.o(.ARM.Collect$$libinit$$00000000) refers (Special) to libinit2.o(.ARM.Collect$$libinit$$0000000E) for __rt_lib_init_rand_1
    libinit.o(.ARM.Collect$$libinit$$00000000) refers (Special) to libinit2.o(.ARM.Collect$$libinit$$00000033) for __rt_lib_init_return
    libinit.o(.ARM.Collect$$libinit$$00000000) refers (Special) to libinit2.o(.ARM.Collect$$libinit$$0000001D) for __rt_lib_init_signal_1
    libinit.o(.ARM.Collect$$libinit$$00000000) refers (Special) to libinit2.o(.ARM.Collect$$libinit$$00000025) for __rt_lib_init_stdio_1
    libinit.o(.ARM.Collect$$libinit$$00000000) refers (Special) to libinit2.o(.ARM.Collect$$libinit$$0000000C) for __rt_lib_init_user_alloc_1
    libspace.o(.text) refers to libspace.o(.bss) for __libspace_start
    rtexit.o(.ARM.Collect$$rtexit$$00000000) refers (Special) to rtexit2.o(.ARM.Collect$$rtexit$$00000004) for __rt_exit_exit
    rtexit.o(.ARM.Collect$$rtexit$$00000000) refers (Special) to rtexit2.o(.ARM.Collect$$rtexit$$00000003) for __rt_exit_ls
    rtexit.o(.ARM.Collect$$rtexit$$00000000) refers (Special) to rtexit2.o(.ARM.Collect$$rtexit$$00000002) for __rt_exit_prels_1
    rtexit.o(.ARM.exidx) refers (Special) to rtexit2.o(.ARM.Collect$$rtexit$$00000004) for __rt_exit_exit
    rtexit.o(.ARM.exidx) refers (Special) to rtexit2.o(.ARM.Collect$$rtexit$$00000003) for __rt_exit_ls
    rtexit.o(.ARM.exidx) refers (Special) to rtexit2.o(.ARM.Collect$$rtexit$$00000002) for __rt_exit_prels_1
    rtexit.o(.ARM.exidx) refers to rtexit.o(.ARM.Collect$$rtexit$$00000000) for .ARM.Collect$$rtexit$$00000000
    rt_raise.o(.text) refers to __raise.o(.text) for __raise
    rt_raise.o(.text) refers to sys_exit.o(.text) for _sys_exit
    defsig_exit.o(.text) refers to sys_exit.o(.text) for _sys_exit
    defsig_fpe_inner.o(.text) refers to defsig_general.o(.text) for __default_signal_display
    libinit2.o(.ARM.Collect$$libinit$$00000010) refers to libinit2.o(.ARM.Collect$$libinit$$0000000F) for .ARM.Collect$$libinit$$0000000F
    libinit2.o(.ARM.Collect$$libinit$$00000012) refers to libinit2.o(.ARM.Collect$$libinit$$0000000F) for .ARM.Collect$$libinit$$0000000F
    libinit2.o(.ARM.Collect$$libinit$$00000014) refers to libinit2.o(.ARM.Collect$$libinit$$0000000F) for .ARM.Collect$$libinit$$0000000F
    libinit2.o(.ARM.Collect$$libinit$$00000016) refers to libinit2.o(.ARM.Collect$$libinit$$0000000F) for .ARM.Collect$$libinit$$0000000F
    libinit2.o(.ARM.Collect$$libinit$$00000018) refers to libinit2.o(.ARM.Collect$$libinit$$0000000F) for .ARM.Collect$$libinit$$0000000F
    libinit2.o(.ARM.Collect$$libinit$$00000026) refers to argv_veneer.o(.text) for __ARM_argv_veneer
    libinit2.o(.ARM.Collect$$libinit$$00000027) refers to argv_veneer.o(.text) for __ARM_argv_veneer
    sys_exit.o(.text) refers (Special) to use_no_semi.o(.text) for __I$use$semihosting
    sys_exit.o(.text) refers (Special) to indicate_semi.o(.text) for __semihosting_library_function
    rtexit2.o(.ARM.Collect$$rtexit$$00000003) refers to libshutdown.o(.ARM.Collect$$libshutdown$$00000000) for __rt_lib_shutdown
    rtexit2.o(.ARM.Collect$$rtexit$$00000004) refers to sys_exit.o(.text) for _sys_exit
    rtexit2.o(.ARM.exidx) refers to rtexit2.o(.ARM.Collect$$rtexit$$00000001) for .ARM.Collect$$rtexit$$00000001
    rtexit2.o(.ARM.exidx) refers to rtexit2.o(.ARM.Collect$$rtexit$$00000003) for .ARM.Collect$$rtexit$$00000003
    rtexit2.o(.ARM.exidx) refers to rtexit2.o(.ARM.Collect$$rtexit$$00000004) for .ARM.Collect$$rtexit$$00000004
    __raise.o(.text) refers to defsig.o(CL$$defsig) for __default_signal_handler
    defsig_general.o(.text) refers to sys_wrch.o(.text) for _ttywrch
    sys_wrch.o(.text) refers (Special) to use_no_semi.o(.text) for __I$use$semihosting
    sys_wrch.o(.text) refers (Special) to indicate_semi.o(.text) for __semihosting_library_function
    defsig.o(CL$$defsig) refers to defsig_fpe_inner.o(.text) for __rt_SIGFPE_inner
    defsig.o(CL$$defsig) refers to defsig_rtmem_inner.o(.text) for __rt_SIGRTMEM_inner
    _get_argv_nomalloc.o(.text) refers (Special) to hrguard.o(.text) for __heap_region$guard
    _get_argv_nomalloc.o(.text) refers to defsig_rtmem_outer.o(.text) for __rt_SIGRTMEM
    _get_argv_nomalloc.o(.text) refers to sys_command.o(.text) for _sys_command_string
    libshutdown.o(.ARM.Collect$$libshutdown$$00000000) refers (Special) to libshutdown2.o(.ARM.Collect$$libshutdown$$00000002) for __rt_lib_shutdown_cpp_1
    libshutdown.o(.ARM.Collect$$libshutdown$$00000000) refers (Special) to libshutdown2.o(.ARM.Collect$$libshutdown$$00000007) for __rt_lib_shutdown_fp_trap_1
    libshutdown.o(.ARM.Collect$$libshutdown$$00000000) refers (Special) to libshutdown2.o(.ARM.Collect$$libshutdown$$0000000F) for __rt_lib_shutdown_heap_1
    libshutdown.o(.ARM.Collect$$libshutdown$$00000000) refers (Special) to libshutdown2.o(.ARM.Collect$$libshutdown$$00000010) for __rt_lib_shutdown_return
    libshutdown.o(.ARM.Collect$$libshutdown$$00000000) refers (Special) to libshutdown2.o(.ARM.Collect$$libshutdown$$0000000A) for __rt_lib_shutdown_signal_1
    libshutdown.o(.ARM.Collect$$libshutdown$$00000000) refers (Special) to libshutdown2.o(.ARM.Collect$$libshutdown$$00000004) for __rt_lib_shutdown_stdio_1
    libshutdown.o(.ARM.Collect$$libshutdown$$00000000) refers (Special) to libshutdown2.o(.ARM.Collect$$libshutdown$$0000000C) for __rt_lib_shutdown_user_alloc_1
    sys_command.o(.text) refers (Special) to use_no_semi.o(.text) for __I$use$semihosting
    sys_command.o(.text) refers (Special) to indicate_semi.o(.text) for __semihosting_library_function
    defsig_abrt_inner.o(.text) refers to defsig_general.o(.text) for __default_signal_display
    defsig_rtred_inner.o(.text) refers to defsig_general.o(.text) for __default_signal_display
    defsig_rtmem_inner.o(.text) refers to defsig_general.o(.text) for __default_signal_display
    defsig_rtmem_outer.o(.text) refers to defsig_rtmem_inner.o(.text) for __rt_SIGRTMEM_inner
    defsig_rtmem_outer.o(.text) refers to defsig_exit.o(.text) for __sig_exit
    defsig_rtmem_formal.o(.text) refers to rt_raise.o(.text) for __rt_raise
    defsig_stak_inner.o(.text) refers to defsig_general.o(.text) for __default_signal_display
    defsig_pvfn_inner.o(.text) refers to defsig_general.o(.text) for __default_signal_display
    defsig_cppl_inner.o(.text) refers to defsig_general.o(.text) for __default_signal_display
    defsig_segv_inner.o(.text) refers to defsig_general.o(.text) for __default_signal_display
    defsig_other.o(.text) refers to defsig_general.o(.text) for __default_signal_display


==============================================================================

Removing Unused input sections from the image.

    Removing w7500x_gpio.o(.rev16_text), (4 bytes).
    Removing w7500x_gpio.o(.revsh_text), (4 bytes).
    Removing w7500x_crg.o(.rev16_text), (4 bytes).
    Removing w7500x_crg.o(.revsh_text), (4 bytes).
    Removing w7500x_crg.o(.text), (488 bytes).
    Removing w7500x_uart.o(.rev16_text), (4 bytes).
    Removing w7500x_uart.o(.revsh_text), (4 bytes).
    Removing system_w7500x.o(.rev16_text), (4 bytes).
    Removing system_w7500x.o(.revsh_text), (4 bytes).
    Removing main.o(.rev16_text), (4 bytes).
    Removing main.o(.revsh_text), (4 bytes).
    Removing w7500x_it.o(.rev16_text), (4 bytes).
    Removing w7500x_it.o(.revsh_text), (4 bytes).
    Removing queue.o(.text), (1300 bytes).
    Removing event_groups.o(.text), (534 bytes).
    Removing print_x.o(.rev16_text), (4 bytes).
    Removing print_x.o(.revsh_text), (4 bytes).

17 unused section(s) (total 2378 bytes) removed from the image.

==============================================================================

Image Symbol Table

    Local Symbols

    Symbol Name                              Value     Ov Type        Size  Object(Section)

    RESET                                    0x00000000   Section      168  startup_w7500x_freertos.o(RESET)
    ../clib/angel/boardlib.s                 0x00000000   Number         0  boardshut.o ABSOLUTE
    ../clib/angel/boardlib.s                 0x00000000   Number         0  boardinit2.o ABSOLUTE
    ../clib/angel/boardlib.s                 0x00000000   Number         0  boardinit1.o ABSOLUTE
    ../clib/angel/boardlib.s                 0x00000000   Number         0  boardinit3.o ABSOLUTE
    ../clib/angel/handlers.s                 0x00000000   Number         0  __scatter_copy.o ABSOLUTE
    ../clib/angel/handlers.s                 0x00000000   Number         0  __scatter_zi.o ABSOLUTE
    ../clib/angel/kernel.s                   0x00000000   Number         0  __rtentry.o ABSOLUTE
    ../clib/angel/kernel.s                   0x00000000   Number         0  __rtentry2.o ABSOLUTE
    ../clib/angel/kernel.s                   0x00000000   Number         0  __rtentry4.o ABSOLUTE
    ../clib/angel/kernel.s                   0x00000000   Number         0  rtexit2.o ABSOLUTE
    ../clib/angel/kernel.s                   0x00000000   Number         0  rtexit.o ABSOLUTE
    ../clib/angel/rt.s                       0x00000000   Number         0  aeabi_idiv0.o ABSOLUTE
    ../clib/angel/rt.s                       0x00000000   Number         0  aeabi_idiv0_sigfpe.o ABSOLUTE
    ../clib/angel/rt.s                       0x00000000   Number         0  rt_div0.o ABSOLUTE
    ../clib/angel/rt.s                       0x00000000   Number         0  rt_raise.o ABSOLUTE
    ../clib/angel/scatterp.s                 0x00000000   Number         0  __scatter.o ABSOLUTE
    ../clib/angel/startup.s                  0x00000000   Number         0  __main.o ABSOLUTE
    ../clib/angel/sys.s                      0x00000000   Number         0  tempstk.o ABSOLUTE
    ../clib/angel/sys.s                      0x00000000   Number         0  sys_stackheap_outer.o ABSOLUTE
    ../clib/angel/sys.s                      0x00000000   Number         0  use_no_semi.o ABSOLUTE
    ../clib/angel/sys.s                      0x00000000   Number         0  indicate_semi.o ABSOLUTE
    ../clib/angel/sys.s                      0x00000000   Number         0  libspace.o ABSOLUTE
    ../clib/angel/sysapp.c                   0x00000000   Number         0  sys_wrch.o ABSOLUTE
    ../clib/angel/sysapp.c                   0x00000000   Number         0  sys_command.o ABSOLUTE
    ../clib/angel/sysapp.c                   0x00000000   Number         0  sys_exit.o ABSOLUTE
    ../clib/armsys.c                         0x00000000   Number         0  argv_veneer.o ABSOLUTE
    ../clib/armsys.c                         0x00000000   Number         0  no_argv.o ABSOLUTE
    ../clib/armsys.c                         0x00000000   Number         0  _get_argv_nomalloc.o ABSOLUTE
    ../clib/division.s                       0x00000000   Number         0  aeabi_sdiv.o ABSOLUTE
    ../clib/division.s                       0x00000000   Number         0  aeabi_sdiv_div0.o ABSOLUTE
    ../clib/heapalloc.c                      0x00000000   Number         0  hrguard.o ABSOLUTE
    ../clib/heapaux.c                        0x00000000   Number         0  heapauxi.o ABSOLUTE
    ../clib/libinit.s                        0x00000000   Number         0  libinit.o ABSOLUTE
    ../clib/libinit.s                        0x00000000   Number         0  libshutdown.o ABSOLUTE
    ../clib/libinit.s                        0x00000000   Number         0  libinit2.o ABSOLUTE
    ../clib/libinit.s                        0x00000000   Number         0  libshutdown2.o ABSOLUTE
    ../clib/memcpset.c                       0x00000000   Number         0  rt_memcpy.o ABSOLUTE
    ../clib/memcpset.c                       0x00000000   Number         0  rt_memcpy.o ABSOLUTE
    ../clib/signal.c                         0x00000000   Number         0  defsig_exit.o ABSOLUTE
    ../clib/signal.c                         0x00000000   Number         0  defsig_fpe_outer.o ABSOLUTE
    ../clib/signal.c                         0x00000000   Number         0  defsig_other.o ABSOLUTE
    ../clib/signal.c                         0x00000000   Number         0  defsig_segv_inner.o ABSOLUTE
    ../clib/signal.c                         0x00000000   Number         0  defsig_fpe_formal.o ABSOLUTE
    ../clib/signal.c                         0x00000000   Number         0  defsig_pvfn_inner.o ABSOLUTE
    ../clib/signal.c                         0x00000000   Number         0  defsig_stak_inner.o ABSOLUTE
    ../clib/signal.c                         0x00000000   Number         0  defsig_rtmem_formal.o ABSOLUTE
    ../clib/signal.c                         0x00000000   Number         0  defsig_rtmem_outer.o ABSOLUTE
    ../clib/signal.c                         0x00000000   Number         0  defsig_rtmem_inner.o ABSOLUTE
    ../clib/signal.c                         0x00000000   Number         0  defsig_rtred_inner.o ABSOLUTE
    ../clib/signal.c                         0x00000000   Number         0  defsig_abrt_inner.o ABSOLUTE
    ../clib/signal.c                         0x00000000   Number         0  defsig_cppl_inner.o ABSOLUTE
    ../clib/signal.c                         0x00000000   Number         0  defsig_general.o ABSOLUTE
    ../clib/signal.c                         0x00000000   Number         0  __raise.o ABSOLUTE
    ../clib/signal.c                         0x00000000   Number         0  defsig_fpe_inner.o ABSOLUTE
    ../clib/signal.s                         0x00000000   Number         0  defsig.o ABSOLUTE
    ../clib/stdlib.c                         0x00000000   Number         0  exit.o ABSOLUTE
    ../fplib/cfplib/daddsub.c                0x00000000   Number         0  daddsub.o ABSOLUTE
    ../fplib/cfplib/f2d.c                    0x00000000   Number         0  f2d.o ABSOLUTE
    ../fplib/cfplib/fdiv.c                   0x00000000   Number         0  fdiv.o ABSOLUTE
    ../fplib/cfplib/ffix.c                   0x00000000   Number         0  ffixui.o ABSOLUTE
    ../fplib/cfplib/ffix.c                   0x00000000   Number         0  dfixui.o ABSOLUTE
    ../fplib/cfplib/fflt.c                   0x00000000   Number         0  fflti.o ABSOLUTE
    ../fplib/cfplib/fpinit.c                 0x00000000   Number         0  fpinit.o ABSOLUTE
    ../fplib/cfplib/scalbn.c                 0x00000000   Number         0  fscalbn.o ABSOLUTE
    ../fplib/faddsub6m.s                     0x00000000   Number         0  faddsub.o ABSOLUTE
    ../fplib/usenofp.s                       0x00000000   Number         0  usenofp.o ABSOLUTE
    ..\..\..\Libraries\CMSIS\Device\WIZnet\W7500\Source\ARM\startup_W7500x_FreeRTOS.s 0x00000000   Number         0  startup_w7500x_freertos.o ABSOLUTE
    ..\..\..\Libraries\CMSIS\Device\WIZnet\W7500\Source\system_W7500x.c 0x00000000   Number         0  system_w7500x.o ABSOLUTE
    ..\..\..\Libraries\W7500x_stdPeriph_Driver\src\W7500x_crg.c 0x00000000   Number         0  w7500x_crg.o ABSOLUTE
    ..\..\..\Libraries\W7500x_stdPeriph_Driver\src\W7500x_gpio.c 0x00000000   Number         0  w7500x_gpio.o ABSOLUTE
    ..\..\..\Libraries\W7500x_stdPeriph_Driver\src\W7500x_uart.c 0x00000000   Number         0  w7500x_uart.o ABSOLUTE
    ..\..\..\Utilities\FreeRTOSv9.0.0\FreeRTOS\Source\croutine.c 0x00000000   Number         0  croutine.o ABSOLUTE
    ..\..\..\Utilities\FreeRTOSv9.0.0\FreeRTOS\Source\event_groups.c 0x00000000   Number         0  event_groups.o ABSOLUTE
    ..\..\..\Utilities\FreeRTOSv9.0.0\FreeRTOS\Source\list.c 0x00000000   Number         0  list.o ABSOLUTE
    ..\..\..\Utilities\FreeRTOSv9.0.0\FreeRTOS\Source\portable\MemMang\heap_2.c 0x00000000   Number         0  heap_2.o ABSOLUTE
    ..\..\..\Utilities\FreeRTOSv9.0.0\FreeRTOS\Source\portable\RVDS\ARM_CM0\port.c 0x00000000   Number         0  port.o ABSOLUTE
    ..\..\..\Utilities\FreeRTOSv9.0.0\FreeRTOS\Source\queue.c 0x00000000   Number         0  queue.o ABSOLUTE
    ..\..\..\Utilities\FreeRTOSv9.0.0\FreeRTOS\Source\tasks.c 0x00000000   Number         0  tasks.o ABSOLUTE
    ..\..\..\Utilities\FreeRTOSv9.0.0\FreeRTOS\Source\timers.c 0x00000000   Number         0  timers.o ABSOLUTE
    ..\..\..\Utilities\print_x\print_x.c     0x00000000   Number         0  print_x.o ABSOLUTE
    ..\W7500x_it.c                           0x00000000   Number         0  w7500x_it.o ABSOLUTE
    ..\\..\\..\\Libraries\\CMSIS\\Device\\WIZnet\\W7500\\Source\\system_W7500x.c 0x00000000   Number         0  system_w7500x.o ABSOLUTE
    ..\\..\\..\\Libraries\\W7500x_stdPeriph_Driver\\src\\W7500x_crg.c 0x00000000   Number         0  w7500x_crg.o ABSOLUTE
    ..\\..\\..\\Libraries\\W7500x_stdPeriph_Driver\\src\\W7500x_gpio.c 0x00000000   Number         0  w7500x_gpio.o ABSOLUTE
    ..\\..\\..\\Libraries\\W7500x_stdPeriph_Driver\\src\\W7500x_uart.c 0x00000000   Number         0  w7500x_uart.o ABSOLUTE
    ..\\..\\..\\Utilities\\FreeRTOSv9.0.0\\FreeRTOS\\Source\\portable\\RVDS\\ARM_CM0\\port.c 0x00000000   Number         0  port.o ABSOLUTE
    ..\\..\\..\\Utilities\\print_x\\print_x.c 0x00000000   Number         0  print_x.o ABSOLUTE
    ..\\W7500x_it.c                          0x00000000   Number         0  w7500x_it.o ABSOLUTE
    ..\\main.c                               0x00000000   Number         0  main.o ABSOLUTE
    ..\main.c                                0x00000000   Number         0  main.o ABSOLUTE
    dc.s                                     0x00000000   Number         0  dc.o ABSOLUTE
    !!!main                                  0x000000a8   Section        8  __main.o(!!!main)
    !!!scatter                               0x000000b0   Section       60  __scatter.o(!!!scatter)
    !!handler_copy                           0x000000ec   Section       26  __scatter_copy.o(!!handler_copy)
    !!handler_zi                             0x00000108   Section       28  __scatter_zi.o(!!handler_zi)
    .ARM.Collect$$libinit$$00000000          0x00000124   Section        2  libinit.o(.ARM.Collect$$libinit$$00000000)
    .ARM.Collect$$libinit$$00000002          0x00000126   Section        0  libinit2.o(.ARM.Collect$$libinit$$00000002)
    .ARM.Collect$$libinit$$00000004          0x00000126   Section        0  libinit2.o(.ARM.Collect$$libinit$$00000004)
    .ARM.Collect$$libinit$$0000000A          0x00000126   Section        0  libinit2.o(.ARM.Collect$$libinit$$0000000A)
    .ARM.Collect$$libinit$$0000000C          0x00000126   Section        0  libinit2.o(.ARM.Collect$$libinit$$0000000C)
    .ARM.Collect$$libinit$$0000000E          0x00000126   Section        0  libinit2.o(.ARM.Collect$$libinit$$0000000E)
    .ARM.Collect$$libinit$$00000011          0x00000126   Section        0  libinit2.o(.ARM.Collect$$libinit$$00000011)
    .ARM.Collect$$libinit$$00000013          0x00000126   Section        0  libinit2.o(.ARM.Collect$$libinit$$00000013)
    .ARM.Collect$$libinit$$00000015          0x00000126   Section        0  libinit2.o(.ARM.Collect$$libinit$$00000015)
    .ARM.Collect$$libinit$$00000017          0x00000126   Section        0  libinit2.o(.ARM.Collect$$libinit$$00000017)
    .ARM.Collect$$libinit$$00000019          0x00000126   Section        0  libinit2.o(.ARM.Collect$$libinit$$00000019)
    .ARM.Collect$$libinit$$0000001B          0x00000126   Section        0  libinit2.o(.ARM.Collect$$libinit$$0000001B)
    .ARM.Collect$$libinit$$0000001D          0x00000126   Section        0  libinit2.o(.ARM.Collect$$libinit$$0000001D)
    .ARM.Collect$$libinit$$0000001F          0x00000126   Section        0  libinit2.o(.ARM.Collect$$libinit$$0000001F)
    .ARM.Collect$$libinit$$00000021          0x00000126   Section        0  libinit2.o(.ARM.Collect$$libinit$$00000021)
    .ARM.Collect$$libinit$$00000023          0x00000126   Section        0  libinit2.o(.ARM.Collect$$libinit$$00000023)
    .ARM.Collect$$libinit$$00000025          0x00000126   Section        0  libinit2.o(.ARM.Collect$$libinit$$00000025)
    .ARM.Collect$$libinit$$0000002C          0x00000126   Section        0  libinit2.o(.ARM.Collect$$libinit$$0000002C)
    .ARM.Collect$$libinit$$0000002E          0x00000126   Section        0  libinit2.o(.ARM.Collect$$libinit$$0000002E)
    .ARM.Collect$$libinit$$00000030          0x00000126   Section        0  libinit2.o(.ARM.Collect$$libinit$$00000030)
    .ARM.Collect$$libinit$$00000032          0x00000126   Section        0  libinit2.o(.ARM.Collect$$libinit$$00000032)
    .ARM.Collect$$libinit$$00000033          0x00000126   Section        2  libinit2.o(.ARM.Collect$$libinit$$00000033)
    .ARM.Collect$$libshutdown$$00000000      0x00000128   Section        2  libshutdown.o(.ARM.Collect$$libshutdown$$00000000)
    .ARM.Collect$$libshutdown$$00000002      0x0000012a   Section        0  libshutdown2.o(.ARM.Collect$$libshutdown$$00000002)
    .ARM.Collect$$libshutdown$$00000004      0x0000012a   Section        0  libshutdown2.o(.ARM.Collect$$libshutdown$$00000004)
    .ARM.Collect$$libshutdown$$00000007      0x0000012a   Section        0  libshutdown2.o(.ARM.Collect$$libshutdown$$00000007)
    .ARM.Collect$$libshutdown$$0000000A      0x0000012a   Section        0  libshutdown2.o(.ARM.Collect$$libshutdown$$0000000A)
    .ARM.Collect$$libshutdown$$0000000C      0x0000012a   Section        0  libshutdown2.o(.ARM.Collect$$libshutdown$$0000000C)
    .ARM.Collect$$libshutdown$$0000000F      0x0000012a   Section        0  libshutdown2.o(.ARM.Collect$$libshutdown$$0000000F)
    .ARM.Collect$$libshutdown$$00000010      0x0000012a   Section        2  libshutdown2.o(.ARM.Collect$$libshutdown$$00000010)
    .ARM.Collect$$rtentry$$00000000          0x0000012c   Section        0  __rtentry.o(.ARM.Collect$$rtentry$$00000000)
    .ARM.Collect$$rtentry$$00000002          0x0000012c   Section        0  __rtentry2.o(.ARM.Collect$$rtentry$$00000002)
    .ARM.Collect$$rtentry$$00000004          0x0000012c   Section        6  __rtentry4.o(.ARM.Collect$$rtentry$$00000004)
    .ARM.Collect$$rtentry$$00000009          0x00000132   Section        0  __rtentry2.o(.ARM.Collect$$rtentry$$00000009)
    .ARM.Collect$$rtentry$$0000000A          0x00000132   Section        4  __rtentry2.o(.ARM.Collect$$rtentry$$0000000A)
    .ARM.Collect$$rtentry$$0000000C          0x00000136   Section        0  __rtentry2.o(.ARM.Collect$$rtentry$$0000000C)
    .ARM.Collect$$rtentry$$0000000D          0x00000136   Section        8  __rtentry2.o(.ARM.Collect$$rtentry$$0000000D)
    .ARM.Collect$$rtexit$$00000000           0x0000013e   Section        2  rtexit.o(.ARM.Collect$$rtexit$$00000000)
    .ARM.Collect$$rtexit$$00000002           0x00000140   Section        0  rtexit2.o(.ARM.Collect$$rtexit$$00000002)
    .ARM.Collect$$rtexit$$00000003           0x00000140   Section        4  rtexit2.o(.ARM.Collect$$rtexit$$00000003)
    .ARM.Collect$$rtexit$$00000004           0x00000144   Section        6  rtexit2.o(.ARM.Collect$$rtexit$$00000004)
    .emb_text                                0x0000014c   Section      120  port.o(.emb_text)
    .text                                    0x000001c4   Section       56  startup_w7500x_freertos.o(.text)
    .text                                    0x000001fc   Section        0  w7500x_gpio.o(.text)
    .text                                    0x00000510   Section        0  w7500x_uart.o(.text)
    .text                                    0x00000754   Section        0  system_w7500x.o(.text)
    .text                                    0x000007f0   Section        0  main.o(.text)
    .text                                    0x0000096c   Section        0  w7500x_it.o(.text)
    .text                                    0x000009a8   Section        0  port.o(.text)
    prvTaskExitError                         0x000009a9   Thumb Code     4  port.o(.text)
    .text                                    0x00000a64   Section        0  tasks.o(.text)
    prvAddNewTaskToReadyList                 0x00000a65   Thumb Code   168  tasks.o(.text)
    prvAddCurrentTaskToDelayedList           0x00000c99   Thumb Code    80  tasks.o(.text)
    prvIdleTask                              0x00000eff   Thumb Code    14  tasks.o(.text)
    prvInitialiseNewTask                     0x00001357   Thumb Code   110  tasks.o(.text)
    prvResetNextTaskUnblockTime              0x000013c5   Thumb Code    28  tasks.o(.text)
    prvTaskIsTaskSuspended                   0x000013e1   Thumb Code    30  tasks.o(.text)
    .text                                    0x00001408   Section        0  list.o(.text)
    .text                                    0x00001490   Section        0  heap_2.o(.text)
    .text                                    0x00001580   Section        0  print_x.o(.text)
    .text                                    0x00001718   Section      346  aeabi_sdiv.o(.text)
    .text                                    0x00001872   Section        0  heapauxi.o(.text)
    .text                                    0x00001878   Section        0  daddsub.o(.text)
    _dadd1                                   0x00001879   Thumb Code   290  daddsub.o(.text)
    _dsub1                                   0x0000199b   Thumb Code   470  daddsub.o(.text)
    .text                                    0x00001bd0   Section        0  dfixui.o(.text)
    .text                                    0x00001c18   Section        0  f2d.o(.text)
    .text                                    0x00001c6c   Section        0  fdiv.o(.text)
    .text                                    0x00001dcc   Section        0  ffixui.o(.text)
    .text                                    0x00001dfc   Section        0  fflti.o(.text)
    .text                                    0x00001e5c   Section        0  fscalbn.o(.text)
    .text                                    0x00001ea0   Section       62  sys_stackheap_outer.o(.text)
    .text                                    0x00001ede   Section        0  exit.o(.text)
    .text                                    0x00001ef0   Section        8  libspace.o(.text)
    .text                                    0x00001ef8   Section        0  sys_exit.o(.text)
    .text                                    0x00001f04   Section        2  use_no_semi.o(.text)
    .text                                    0x00001f06   Section        0  indicate_semi.o(.text)
    i.__ARM_common_switch8                   0x00001f06   Section        0  tasks.o(i.__ARM_common_switch8)
    x$fpl$fadd                               0x00001f20   Section      140  faddsub.o(x$fpl$fadd)
    _fadd1                                   0x00001f2d   Thumb Code     0  faddsub.o(x$fpl$fadd)
    x$fpl$frsb                               0x00001fac   Section       24  faddsub.o(x$fpl$frsb)
    x$fpl$fsub                               0x00001fc4   Section      208  faddsub.o(x$fpl$fsub)
    _fsub1                                   0x00001fd1   Thumb Code     0  faddsub.o(x$fpl$fsub)
    .constdata                               0x00002094   Section       64  fdiv.o(.constdata)
    x$fpl$usenofp                            0x00002094   Section        0  usenofp.o(x$fpl$usenofp)
    fdiv_tab                                 0x00002094   Data          64  fdiv.o(.constdata)
    .data                                    0x20000000   Section        8  system_w7500x.o(.data)
    .data                                    0x20000008   Section        8  main.o(.data)
    .data                                    0x20000010   Section        4  port.o(.data)
    uxCriticalNesting                        0x20000010   Data           4  port.o(.data)
    .data                                    0x20000014   Section       56  tasks.o(.data)
    uxCurrentNumberOfTasks                   0x20000018   Data           4  tasks.o(.data)
    xTickCount                               0x2000001c   Data           4  tasks.o(.data)
    uxTopReadyPriority                       0x20000020   Data           4  tasks.o(.data)
    xSchedulerRunning                        0x20000024   Data           4  tasks.o(.data)
    uxPendedTicks                            0x20000028   Data           4  tasks.o(.data)
    xYieldPending                            0x2000002c   Data           4  tasks.o(.data)
    xNumOfOverflows                          0x20000030   Data           4  tasks.o(.data)
    uxTaskNumber                             0x20000034   Data           4  tasks.o(.data)
    xNextTaskUnblockTime                     0x20000038   Data           4  tasks.o(.data)
    xIdleTaskHandle                          0x2000003c   Data           4  tasks.o(.data)
    uxSchedulerSuspended                     0x20000040   Data           4  tasks.o(.data)
    pxDelayedTaskList                        0x20000044   Data           4  tasks.o(.data)
    pxOverflowDelayedTaskList                0x20000048   Data           4  tasks.o(.data)
    .data                                    0x2000004c   Section       24  heap_2.o(.data)
    xFreeBytesRemaining                      0x2000004c   Data           4  heap_2.o(.data)
    xHeapHasBeenInitialised                  0x20000050   Data           4  heap_2.o(.data)
    xStart                                   0x20000054   Data           8  heap_2.o(.data)
    xEnd                                     0x2000005c   Data           8  heap_2.o(.data)
    .bss                                     0x20000064   Section      180  tasks.o(.bss)
    pxReadyTasksLists                        0x20000064   Data         100  tasks.o(.bss)
    xDelayedTaskList1                        0x200000c8   Data          20  tasks.o(.bss)
    xDelayedTaskList2                        0x200000dc   Data          20  tasks.o(.bss)
    xPendingReadyList                        0x200000f0   Data          20  tasks.o(.bss)
    xSuspendedTaskList                       0x20000104   Data          20  tasks.o(.bss)
    .bss                                     0x20000118   Section     4096  heap_2.o(.bss)
    ucHeap                                   0x20000118   Data        4096  heap_2.o(.bss)
    .bss                                     0x20001118   Section       96  libspace.o(.bss)
    HEAP                                     0x20001178   Section     2048  startup_w7500x_freertos.o(HEAP)
    Heap_Mem                                 0x20001178   Data        2048  startup_w7500x_freertos.o(HEAP)
    STACK                                    0x20001978   Section     2048  startup_w7500x_freertos.o(STACK)
    Stack_Mem                                0x20001978   Data        2048  startup_w7500x_freertos.o(STACK)
    __initial_sp                             0x20002178   Data           0  startup_w7500x_freertos.o(STACK)

    Global Symbols

    Symbol Name                              Value     Ov Type        Size  Object(Section)

    BuildAttributes$$THM_ISAv3M$S$PE$A:L22$X:L11$S22$IEEE1$IW$USESV6$~STKCKD$USESV7$~SHL$OSPACE$ROPI$EBA8$UX$STANDARDLIB$REQ8$PRES8$EABIv2 0x00000000   Number         0  anon$$obj.o ABSOLUTE
    __ARM_use_no_argv                        0x00000000   Number         0  main.o ABSOLUTE
    __Vectors                                0x00000000   Data           4  startup_w7500x_freertos.o(RESET)
    __ARM_exceptions_init                     - Undefined Weak Reference
    __alloca_initialize                       - Undefined Weak Reference
    __arm_preinit_                            - Undefined Weak Reference
    __cpp_initialize__aeabi_                  - Undefined Weak Reference
    __cxa_finalize                            - Undefined Weak Reference
    __rt_locale                               - Undefined Weak Reference
    __sigvec_lookup                           - Undefined Weak Reference
    _atexit_init                              - Undefined Weak Reference
    _call_atexit_fns                          - Undefined Weak Reference
    _clock_init                               - Undefined Weak Reference
    _fp_trap_init                             - Undefined Weak Reference
    _fp_trap_shutdown                         - Undefined Weak Reference
    _get_lc_collate                           - Undefined Weak Reference
    _get_lc_ctype                             - Undefined Weak Reference
    _get_lc_monetary                          - Undefined Weak Reference
    _get_lc_numeric                           - Undefined Weak Reference
    _get_lc_time                              - Undefined Weak Reference
    _getenv_init                              - Undefined Weak Reference
    _handle_redirection                       - Undefined Weak Reference
    _init_alloc                               - Undefined Weak Reference
    _init_user_alloc                          - Undefined Weak Reference
    _initio                                   - Undefined Weak Reference
    _rand_init                                - Undefined Weak Reference
    _signal_finish                            - Undefined Weak Reference
    _signal_init                              - Undefined Weak Reference
    _terminate_alloc                          - Undefined Weak Reference
    _terminate_user_alloc                     - Undefined Weak Reference
    _terminateio                              - Undefined Weak Reference
    __Vectors_End                            0x000000a8   Data           0  startup_w7500x_freertos.o(RESET)
    __Vectors_Size                           0x000000a8   Number         0  startup_w7500x_freertos.o ABSOLUTE
    __main                                   0x000000a9   Thumb Code     8  __main.o(!!!main)
    __scatterload                            0x000000b1   Thumb Code     0  __scatter.o(!!!scatter)
    __scatterload_rt2                        0x000000b1   Thumb Code    52  __scatter.o(!!!scatter)
    __scatterload_rt2_thumb_only             0x000000b1   Thumb Code     0  __scatter.o(!!!scatter)
    __scatterload_null                       0x000000c1   Thumb Code     0  __scatter.o(!!!scatter)
    __scatterload_copy                       0x000000ed   Thumb Code    26  __scatter_copy.o(!!handler_copy)
    __scatterload_zeroinit                   0x00000109   Thumb Code    28  __scatter_zi.o(!!handler_zi)
    __rt_lib_init                            0x00000125   Thumb Code     0  libinit.o(.ARM.Collect$$libinit$$00000000)
    __rt_lib_init_alloca_1                   0x00000127   Thumb Code     0  libinit2.o(.ARM.Collect$$libinit$$0000002E)
    __rt_lib_init_argv_1                     0x00000127   Thumb Code     0  libinit2.o(.ARM.Collect$$libinit$$0000002C)
    __rt_lib_init_atexit_1                   0x00000127   Thumb Code     0  libinit2.o(.ARM.Collect$$libinit$$0000001B)
    __rt_lib_init_clock_1                    0x00000127   Thumb Code     0  libinit2.o(.ARM.Collect$$libinit$$00000021)
    __rt_lib_init_cpp_1                      0x00000127   Thumb Code     0  libinit2.o(.ARM.Collect$$libinit$$00000032)
    __rt_lib_init_exceptions_1               0x00000127   Thumb Code     0  libinit2.o(.ARM.Collect$$libinit$$00000030)
    __rt_lib_init_fp_1                       0x00000127   Thumb Code     0  libinit2.o(.ARM.Collect$$libinit$$00000002)
    __rt_lib_init_fp_trap_1                  0x00000127   Thumb Code     0  libinit2.o(.ARM.Collect$$libinit$$0000001F)
    __rt_lib_init_getenv_1                   0x00000127   Thumb Code     0  libinit2.o(.ARM.Collect$$libinit$$00000023)
    __rt_lib_init_heap_1                     0x00000127   Thumb Code     0  libinit2.o(.ARM.Collect$$libinit$$0000000A)
    __rt_lib_init_lc_collate_1               0x00000127   Thumb Code     0  libinit2.o(.ARM.Collect$$libinit$$00000011)
    __rt_lib_init_lc_ctype_1                 0x00000127   Thumb Code     0  libinit2.o(.ARM.Collect$$libinit$$00000013)
    __rt_lib_init_lc_monetary_1              0x00000127   Thumb Code     0  libinit2.o(.ARM.Collect$$libinit$$00000015)
    __rt_lib_init_lc_numeric_1               0x00000127   Thumb Code     0  libinit2.o(.ARM.Collect$$libinit$$00000017)
    __rt_lib_init_lc_time_1                  0x00000127   Thumb Code     0  libinit2.o(.ARM.Collect$$libinit$$00000019)
    __rt_lib_init_preinit_1                  0x00000127   Thumb Code     0  libinit2.o(.ARM.Collect$$libinit$$00000004)
    __rt_lib_init_rand_1                     0x00000127   Thumb Code     0  libinit2.o(.ARM.Collect$$libinit$$0000000E)
    __rt_lib_init_return                     0x00000127   Thumb Code     0  libinit2.o(.ARM.Collect$$libinit$$00000033)
    __rt_lib_init_signal_1                   0x00000127   Thumb Code     0  libinit2.o(.ARM.Collect$$libinit$$0000001D)
    __rt_lib_init_stdio_1                    0x00000127   Thumb Code     0  libinit2.o(.ARM.Collect$$libinit$$00000025)
    __rt_lib_init_user_alloc_1               0x00000127   Thumb Code     0  libinit2.o(.ARM.Collect$$libinit$$0000000C)
    __rt_lib_shutdown                        0x00000129   Thumb Code     0  libshutdown.o(.ARM.Collect$$libshutdown$$00000000)
    __rt_lib_shutdown_cpp_1                  0x0000012b   Thumb Code     0  libshutdown2.o(.ARM.Collect$$libshutdown$$00000002)
    __rt_lib_shutdown_fp_trap_1              0x0000012b   Thumb Code     0  libshutdown2.o(.ARM.Collect$$libshutdown$$00000007)
    __rt_lib_shutdown_heap_1                 0x0000012b   Thumb Code     0  libshutdown2.o(.ARM.Collect$$libshutdown$$0000000F)
    __rt_lib_shutdown_return                 0x0000012b   Thumb Code     0  libshutdown2.o(.ARM.Collect$$libshutdown$$00000010)
    __rt_lib_shutdown_signal_1               0x0000012b   Thumb Code     0  libshutdown2.o(.ARM.Collect$$libshutdown$$0000000A)
    __rt_lib_shutdown_stdio_1                0x0000012b   Thumb Code     0  libshutdown2.o(.ARM.Collect$$libshutdown$$00000004)
    __rt_lib_shutdown_user_alloc_1           0x0000012b   Thumb Code     0  libshutdown2.o(.ARM.Collect$$libshutdown$$0000000C)
    __rt_entry                               0x0000012d   Thumb Code     0  __rtentry.o(.ARM.Collect$$rtentry$$00000000)
    __rt_entry_presh_1                       0x0000012d   Thumb Code     0  __rtentry2.o(.ARM.Collect$$rtentry$$00000002)
    __rt_entry_sh                            0x0000012d   Thumb Code     0  __rtentry4.o(.ARM.Collect$$rtentry$$00000004)
    __rt_entry_li                            0x00000133   Thumb Code     0  __rtentry2.o(.ARM.Collect$$rtentry$$0000000A)
    __rt_entry_postsh_1                      0x00000133   Thumb Code     0  __rtentry2.o(.ARM.Collect$$rtentry$$00000009)
    __rt_entry_main                          0x00000137   Thumb Code     0  __rtentry2.o(.ARM.Collect$$rtentry$$0000000D)
    __rt_entry_postli_1                      0x00000137   Thumb Code     0  __rtentry2.o(.ARM.Collect$$rtentry$$0000000C)
    __rt_exit                                0x0000013f   Thumb Code     0  rtexit.o(.ARM.Collect$$rtexit$$00000000)
    __rt_exit_ls                             0x00000141   Thumb Code     0  rtexit2.o(.ARM.Collect$$rtexit$$00000003)
    __rt_exit_prels_1                        0x00000141   Thumb Code     0  rtexit2.o(.ARM.Collect$$rtexit$$00000002)
    __rt_exit_exit                           0x00000145   Thumb Code     0  rtexit2.o(.ARM.Collect$$rtexit$$00000004)
    __asm___6_port_c_39a90d8d__prvPortStartFirstTask 0x0000014d   Thumb Code    36  port.o(.emb_text)
    ulSetInterruptMaskFromISR                0x00000175   Thumb Code     8  port.o(.emb_text)
    vClearInterruptMaskFromISR               0x0000017d   Thumb Code     6  port.o(.emb_text)
    xPortPendSVHandler                       0x00000183   Thumb Code    62  port.o(.emb_text)
    Reset_Handler                            0x000001c5   Thumb Code     8  startup_w7500x_freertos.o(.text)
    RTC_Handler                              0x000001d7   Thumb Code     0  startup_w7500x_freertos.o(.text)
    __user_initial_stackheap                 0x000001d9   Thumb Code    10  startup_w7500x_freertos.o(.text)
    GPIO_DeInit                              0x000001fd   Thumb Code    78  w7500x_gpio.o(.text)
    GPIO_Init                                0x0000024b   Thumb Code   190  w7500x_gpio.o(.text)
    GPIO_StructInit                          0x00000309   Thumb Code    14  w7500x_gpio.o(.text)
    GPIO_ReadInputDataBit                    0x00000317   Thumb Code    14  w7500x_gpio.o(.text)
    GPIO_ReadInputData                       0x00000325   Thumb Code     6  w7500x_gpio.o(.text)
    GPIO_ReadOutputDataBit                   0x0000032b   Thumb Code    14  w7500x_gpio.o(.text)
    GPIO_ReadOutputData                      0x00000339   Thumb Code     6  w7500x_gpio.o(.text)
    GPIO_SetBits                             0x0000033f   Thumb Code    28  w7500x_gpio.o(.text)
    GPIO_ResetBits                           0x0000035b   Thumb Code    32  w7500x_gpio.o(.text)
    GPIO_WriteBit                            0x0000037b   Thumb Code    30  w7500x_gpio.o(.text)
    GPIO_Write                               0x00000399   Thumb Code     4  w7500x_gpio.o(.text)
    GPIO_INT_Enable_Bits                     0x0000039d   Thumb Code    26  w7500x_gpio.o(.text)
    GPIO_INT_Enable                          0x000003b7   Thumb Code    16  w7500x_gpio.o(.text)
    GPIO_INT_Polarity_Bits                   0x000003c7   Thumb Code    20  w7500x_gpio.o(.text)
    GPIO_INT_Polarity                        0x000003db   Thumb Code    14  w7500x_gpio.o(.text)
    GPIO_INT_Clear                           0x000003e9   Thumb Code     6  w7500x_gpio.o(.text)
    GPIO_Read_INTstatus                      0x000003ef   Thumb Code    14  w7500x_gpio.o(.text)
    PAD_AFConfig                             0x000003fd   Thumb Code    80  w7500x_gpio.o(.text)
    GPIO_Configuration                       0x0000044d   Thumb Code    64  w7500x_gpio.o(.text)
    GPIO_INT_Configuration                   0x0000048d   Thumb Code   116  w7500x_gpio.o(.text)
    UART_StructInit                          0x00000511   Thumb Code    26  w7500x_uart.o(.text)
    UART_DeInit                              0x0000052b   Thumb Code     2  w7500x_uart.o(.text)
    UART_Init                                0x0000052d   Thumb Code   158  w7500x_uart.o(.text)
    UART_SendData                            0x000005cb   Thumb Code     4  w7500x_uart.o(.text)
    UART_ReceiveData                         0x000005cf   Thumb Code     6  w7500x_uart.o(.text)
    UART_SendBreak                           0x000005d5   Thumb Code    10  w7500x_uart.o(.text)
    UART_GetRecvStatus                       0x000005df   Thumb Code    14  w7500x_uart.o(.text)
    UART_ClearRecvStatus                     0x000005ed   Thumb Code     4  w7500x_uart.o(.text)
    UART_GetFlagStatus                       0x000005f1   Thumb Code    14  w7500x_uart.o(.text)
    UART_ITConfig                            0x000005ff   Thumb Code    20  w7500x_uart.o(.text)
    UART_GetITStatus                         0x00000613   Thumb Code    14  w7500x_uart.o(.text)
    UART_ClearITPendingBit                   0x00000621   Thumb Code     8  w7500x_uart.o(.text)
    S_UART_DeInit                            0x00000629   Thumb Code     2  w7500x_uart.o(.text)
    S_UART_SetBaud                           0x0000062b   Thumb Code    42  w7500x_uart.o(.text)
    S_UART_Init                              0x00000655   Thumb Code    24  w7500x_uart.o(.text)
    S_UART_SendData                          0x0000066d   Thumb Code    12  w7500x_uart.o(.text)
    S_UART_ReceiveData                       0x00000679   Thumb Code     8  w7500x_uart.o(.text)
    S_UART_GetFlagStatus                     0x00000681   Thumb Code    16  w7500x_uart.o(.text)
    S_UART_SetCTRL                           0x00000691   Thumb Code    18  w7500x_uart.o(.text)
    S_UART_ITConfig                          0x000006a3   Thumb Code    18  w7500x_uart.o(.text)
    S_UART_GetITStatus                       0x000006b5   Thumb Code    16  w7500x_uart.o(.text)
    S_UART_ClearITPendingBit                 0x000006c5   Thumb Code    10  w7500x_uart.o(.text)
    UartPutc                                 0x000006cf   Thumb Code    12  w7500x_uart.o(.text)
    UartPuts                                 0x000006db   Thumb Code    28  w7500x_uart.o(.text)
    UartGetc                                 0x000006f7   Thumb Code    12  w7500x_uart.o(.text)
    S_UartPutc                               0x00000703   Thumb Code    12  w7500x_uart.o(.text)
    S_UartPuts                               0x0000070f   Thumb Code    24  w7500x_uart.o(.text)
    S_UartGetc                               0x00000727   Thumb Code    18  w7500x_uart.o(.text)
    SystemCoreClockUpdate                    0x00000755   Thumb Code    54  system_w7500x.o(.text)
    GetSystemClock                           0x0000078b   Thumb Code     6  system_w7500x.o(.text)
    SystemInit                               0x00000791   Thumb Code    72  system_w7500x.o(.text)
    TestLEDtask3                             0x000007f1   Thumb Code    50  main.o(.text)
    TestCOMtask2                             0x00000823   Thumb Code    14  main.o(.text)
    TestCOMtask1                             0x00000831   Thumb Code    14  main.o(.text)
    main                                     0x0000083f   Thumb Code   150  main.o(.text)
    NMI_Handler                              0x0000096d   Thumb Code     2  w7500x_it.o(.text)
    HardFault_Handler                        0x0000096f   Thumb Code     2  w7500x_it.o(.text)
    SVC_Handler                              0x00000971   Thumb Code     2  w7500x_it.o(.text)
    PendSV_Handler                           0x00000973   Thumb Code     2  w7500x_it.o(.text)
    SysTick_Handler                          0x00000975   Thumb Code     2  w7500x_it.o(.text)
    SSP0_Handler                             0x00000977   Thumb Code     2  w7500x_it.o(.text)
    SSP1_Handler                             0x00000979   Thumb Code     2  w7500x_it.o(.text)
    UART0_Handler                            0x0000097b   Thumb Code     2  w7500x_it.o(.text)
    UART1_Handler                            0x0000097d   Thumb Code     2  w7500x_it.o(.text)
    UART2_Handler                            0x0000097f   Thumb Code     2  w7500x_it.o(.text)
    I2C0_Handler                             0x00000981   Thumb Code     2  w7500x_it.o(.text)
    I2C1_Handler                             0x00000983   Thumb Code     2  w7500x_it.o(.text)
    PORT0_Handler                            0x00000985   Thumb Code     2  w7500x_it.o(.text)
    PORT1_Handler                            0x00000987   Thumb Code     2  w7500x_it.o(.text)
    PORT2_Handler                            0x00000989   Thumb Code     2  w7500x_it.o(.text)
    PORT3_Handler                            0x0000098b   Thumb Code     2  w7500x_it.o(.text)
    DMA_Handler                              0x0000098d   Thumb Code     2  w7500x_it.o(.text)
    DUALTIMER0_Handler                       0x0000098f   Thumb Code     2  w7500x_it.o(.text)
    DUALTIMER1_Handler                       0x00000991   Thumb Code     2  w7500x_it.o(.text)
    PWM0_Handler                             0x00000993   Thumb Code     2  w7500x_it.o(.text)
    PWM1_Handler                             0x00000995   Thumb Code     2  w7500x_it.o(.text)
    PWM2_Handler                             0x00000997   Thumb Code     2  w7500x_it.o(.text)
    PWM3_Handler                             0x00000999   Thumb Code     2  w7500x_it.o(.text)
    PWM4_Handler                             0x0000099b   Thumb Code     2  w7500x_it.o(.text)
    PWM5_Handler                             0x0000099d   Thumb Code     2  w7500x_it.o(.text)
    PWM6_Handler                             0x0000099f   Thumb Code     2  w7500x_it.o(.text)
    PWM7_Handler                             0x000009a1   Thumb Code     2  w7500x_it.o(.text)
    ADC_Handler                              0x000009a3   Thumb Code     2  w7500x_it.o(.text)
    WZTOE_Handler                            0x000009a5   Thumb Code     2  w7500x_it.o(.text)
    EXTI_Handler                             0x000009a7   Thumb Code     2  w7500x_it.o(.text)
    pxPortInitialiseStack                    0x000009ad   Thumb Code    28  port.o(.text)
    vPortSVCHandler                          0x000009c9   Thumb Code     2  port.o(.text)
    xPortStartScheduler                      0x000009cb   Thumb Code    46  port.o(.text)
    vPortEndScheduler                        0x000009f9   Thumb Code     2  port.o(.text)
    vPortYield                               0x000009fb   Thumb Code    18  port.o(.text)
    vPortEnterCritical                       0x00000a0d   Thumb Code    20  port.o(.text)
    vPortExitCritical                        0x00000a21   Thumb Code    14  port.o(.text)
    xPortSysTickHandler                      0x00000a2f   Thumb Code    32  port.o(.text)
    xTaskCreate                              0x00000b0d   Thumb Code    78  tasks.o(.text)
    xTaskIncrementTick                       0x00000b5b   Thumb Code   168  tasks.o(.text)
    xTaskResumeAll                           0x00000c03   Thumb Code   150  tasks.o(.text)
    vTaskSuspendAll                          0x00000ce9   Thumb Code    10  tasks.o(.text)
    vTaskDelayUntil                          0x00000cf3   Thumb Code    68  tasks.o(.text)
    vTaskDelay                               0x00000d37   Thumb Code    32  tasks.o(.text)
    eTaskGetState                            0x00000d57   Thumb Code    64  tasks.o(.text)
    vTaskSwitchContext                       0x00000d97   Thumb Code    70  tasks.o(.text)
    vTaskSuspend                             0x00000ddd   Thumb Code   120  tasks.o(.text)
    vTaskResume                              0x00000e55   Thumb Code    78  tasks.o(.text)
    xTaskResumeFromISR                       0x00000ea3   Thumb Code    92  tasks.o(.text)
    vTaskStartScheduler                      0x00000f0d   Thumb Code    50  tasks.o(.text)
    vTaskEndScheduler                        0x00000f3f   Thumb Code    16  tasks.o(.text)
    xTaskGetTickCount                        0x00000f4f   Thumb Code     6  tasks.o(.text)
    xTaskGetTickCountFromISR                 0x00000f55   Thumb Code     6  tasks.o(.text)
    uxTaskGetNumberOfTasks                   0x00000f5b   Thumb Code     6  tasks.o(.text)
    pcTaskGetName                            0x00000f61   Thumb Code    12  tasks.o(.text)
    vTaskPlaceOnEventList                    0x00000f6d   Thumb Code    28  tasks.o(.text)
    vTaskPlaceOnUnorderedEventList           0x00000f89   Thumb Code    34  tasks.o(.text)
    xTaskRemoveFromEventList                 0x00000fab   Thumb Code    82  tasks.o(.text)
    xTaskRemoveFromUnorderedEventList        0x00000ffd   Thumb Code    68  tasks.o(.text)
    vTaskSetTimeOutState                     0x00001041   Thumb Code    12  tasks.o(.text)
    xTaskCheckForTimeOut                     0x0000104d   Thumb Code    66  tasks.o(.text)
    vTaskMissedYield                         0x0000108f   Thumb Code     8  tasks.o(.text)
    uxTaskResetEventItemValue                0x00001097   Thumb Code    20  tasks.o(.text)
    ulTaskNotifyTake                         0x000010ab   Thumb Code    90  tasks.o(.text)
    xTaskNotifyWait                          0x00001105   Thumb Code   118  tasks.o(.text)
    xTaskGenericNotify                       0x0000117b   Thumb Code   136  tasks.o(.text)
    xTaskGenericNotifyFromISR                0x00001203   Thumb Code   188  tasks.o(.text)
    vTaskNotifyGiveFromISR                   0x000012bf   Thumb Code   110  tasks.o(.text)
    xTaskNotifyStateClear                    0x0000132d   Thumb Code    42  tasks.o(.text)
    vListInitialise                          0x00001409   Thumb Code    22  list.o(.text)
    vListInitialiseItem                      0x0000141f   Thumb Code     6  list.o(.text)
    vListInsertEnd                           0x00001425   Thumb Code    24  list.o(.text)
    vListInsert                              0x0000143d   Thumb Code    48  list.o(.text)
    uxListRemove                             0x0000146d   Thumb Code    36  list.o(.text)
    pvPortMalloc                             0x00001491   Thumb Code   168  heap_2.o(.text)
    vPortFree                                0x00001539   Thumb Code    52  heap_2.o(.text)
    xPortGetFreeHeapSize                     0x0000156d   Thumb Code     6  heap_2.o(.text)
    vPortInitialiseBlocks                    0x00001573   Thumb Code     2  heap_2.o(.text)
    prt_str                                  0x00001581   Thumb Code    22  print_x.o(.text)
    prt_hb                                   0x00001597   Thumb Code    66  print_x.o(.text)
    prt_hh                                   0x000015d9   Thumb Code    86  print_x.o(.text)
    prt_hw                                   0x0000162f   Thumb Code    86  print_x.o(.text)
    test_print_x                             0x00001685   Thumb Code   134  print_x.o(.text)
    __aeabi_uidiv                            0x00001719   Thumb Code     0  aeabi_sdiv.o(.text)
    __aeabi_uidivmod                         0x00001719   Thumb Code    20  aeabi_sdiv.o(.text)
    __aeabi_idiv                             0x0000172d   Thumb Code     0  aeabi_sdiv.o(.text)
    __aeabi_idivmod                          0x0000172d   Thumb Code   326  aeabi_sdiv.o(.text)
    __use_two_region_memory                  0x00001873   Thumb Code     2  heapauxi.o(.text)
    __rt_heap_escrow$2region                 0x00001875   Thumb Code     2  heapauxi.o(.text)
    __rt_heap_expand$2region                 0x00001877   Thumb Code     2  heapauxi.o(.text)
    __aeabi_dadd                             0x00001b71   Thumb Code     0  daddsub.o(.text)
    _dadd                                    0x00001b71   Thumb Code    26  daddsub.o(.text)
    __aeabi_dsub                             0x00001b8b   Thumb Code     0  daddsub.o(.text)
    _dsub                                    0x00001b8b   Thumb Code    22  daddsub.o(.text)
    __aeabi_drsub                            0x00001ba1   Thumb Code     0  daddsub.o(.text)
    _drsb                                    0x00001ba1   Thumb Code    28  daddsub.o(.text)
    __aeabi_d2uiz                            0x00001bd1   Thumb Code     0  dfixui.o(.text)
    _dfixu                                   0x00001bd1   Thumb Code    68  dfixui.o(.text)
    __aeabi_f2d                              0x00001c19   Thumb Code     0  f2d.o(.text)
    _f2d                                     0x00001c19   Thumb Code    80  f2d.o(.text)
    __aeabi_fdiv                             0x00001c6d   Thumb Code     0  fdiv.o(.text)
    _fdiv                                    0x00001c6d   Thumb Code   334  fdiv.o(.text)
    _frdiv                                   0x00001dbb   Thumb Code     8  fdiv.o(.text)
    __aeabi_f2uiz                            0x00001dcd   Thumb Code     0  ffixui.o(.text)
    _ffixu                                   0x00001dcd   Thumb Code    48  ffixui.o(.text)
    __aeabi_i2f_normalise                    0x00001dfd   Thumb Code    72  fflti.o(.text)
    __aeabi_i2f                              0x00001e45   Thumb Code    16  fflti.o(.text)
    _fflt                                    0x00001e45   Thumb Code     0  fflti.o(.text)
    __aeabi_ui2f                             0x00001e55   Thumb Code     6  fflti.o(.text)
    _ffltu                                   0x00001e55   Thumb Code     0  fflti.o(.text)
    __ARM_scalbnf                            0x00001e5d   Thumb Code    64  fscalbn.o(.text)
    __user_setup_stackheap                   0x00001ea1   Thumb Code    62  sys_stackheap_outer.o(.text)
    exit                                     0x00001edf   Thumb Code    16  exit.o(.text)
    __user_libspace                          0x00001ef1   Thumb Code     8  libspace.o(.text)
    __user_perproc_libspace                  0x00001ef1   Thumb Code     0  libspace.o(.text)
    __user_perthread_libspace                0x00001ef1   Thumb Code     0  libspace.o(.text)
    _sys_exit                                0x00001ef9   Thumb Code     8  sys_exit.o(.text)
    __I$use$semihosting                      0x00001f05   Thumb Code     0  use_no_semi.o(.text)
    __use_no_semihosting_swi                 0x00001f05   Thumb Code     2  use_no_semi.o(.text)
    __ARM_common_switch8                     0x00001f07   Thumb Code    26  tasks.o(i.__ARM_common_switch8)
    __semihosting_library_function           0x00001f07   Thumb Code     0  indicate_semi.o(.text)
    __aeabi_fadd                             0x00001f21   Thumb Code     0  faddsub.o(x$fpl$fadd)
    _fadd                                    0x00001f21   Thumb Code   134  faddsub.o(x$fpl$fadd)
    __aeabi_frsub                            0x00001fad   Thumb Code     0  faddsub.o(x$fpl$frsb)
    _frsb                                    0x00001fad   Thumb Code    24  faddsub.o(x$fpl$frsb)
    __aeabi_fsub                             0x00001fc5   Thumb Code     0  faddsub.o(x$fpl$fsub)
    _fsub                                    0x00001fc5   Thumb Code   204  faddsub.o(x$fpl$fsub)
    __I$use$fp                               0x00002094   Number         0  usenofp.o(x$fpl$usenofp)
    Region$$Table$$Base                      0x000020d4   Number         0  anon$$obj.o(Region$$Table)
    Region$$Table$$Limit                     0x000020f4   Number         0  anon$$obj.o(Region$$Table)
    SystemFrequency                          0x20000000   Data           4  system_w7500x.o(.data)
    SystemCoreClock                          0x20000004   Data           4  system_w7500x.o(.data)
    GPIO_InitDef                             0x20000008   Data           8  main.o(.data)
    pxCurrentTCB                             0x20000014   Data           4  tasks.o(.data)
    __libspace_start                         0x20001118   Data          96  libspace.o(.bss)
    __temporary_stack_top$libspace           0x20001178   Data           0  libspace.o(.bss)



==============================================================================

Memory Map of the image

  Image Entry point : 0x000000a9

  Load Region LR_IROM1 (Base: 0x00000000, Size: 0x00002158, Max: 0x00020000, ABSOLUTE)

    Execution Region ER_IROM1 (Base: 0x00000000, Size: 0x000020f4, Max: 0x00020000, ABSOLUTE)

    Base Addr    Size         Type   Attr      Idx    E Section Name        Object

    0x00000000   0x000000a8   Data   RO            3    RESET               startup_w7500x_freertos.o
    0x000000a8   0x00000008   Code   RO          385  * !!!main             c_p.l(__main.o)
    0x000000b0   0x0000003c   Code   RO          576    !!!scatter          c_p.l(__scatter.o)
    0x000000ec   0x0000001a   Code   RO          578    !!handler_copy      c_p.l(__scatter_copy.o)
    0x00000106   0x00000002   PAD
    0x00000108   0x0000001c   Code   RO          580    !!handler_zi        c_p.l(__scatter_zi.o)
    0x00000124   0x00000002   Code   RO          445    .ARM.Collect$$libinit$$00000000  c_p.l(libinit.o)
    0x00000126   0x00000000   Code   RO          459    .ARM.Collect$$libinit$$00000002  c_p.l(libinit2.o)
    0x00000126   0x00000000   Code   RO          461    .ARM.Collect$$libinit$$00000004  c_p.l(libinit2.o)
    0x00000126   0x00000000   Code   RO          464    .ARM.Collect$$libinit$$0000000A  c_p.l(libinit2.o)
    0x00000126   0x00000000   Code   RO          466    .ARM.Collect$$libinit$$0000000C  c_p.l(libinit2.o)
    0x00000126   0x00000000   Code   RO          468    .ARM.Collect$$libinit$$0000000E  c_p.l(libinit2.o)
    0x00000126   0x00000000   Code   RO          471    .ARM.Collect$$libinit$$00000011  c_p.l(libinit2.o)
    0x00000126   0x00000000   Code   RO          473    .ARM.Collect$$libinit$$00000013  c_p.l(libinit2.o)
    0x00000126   0x00000000   Code   RO          475    .ARM.Collect$$libinit$$00000015  c_p.l(libinit2.o)
    0x00000126   0x00000000   Code   RO          477    .ARM.Collect$$libinit$$00000017  c_p.l(libinit2.o)
    0x00000126   0x00000000   Code   RO          479    .ARM.Collect$$libinit$$00000019  c_p.l(libinit2.o)
    0x00000126   0x00000000   Code   RO          481    .ARM.Collect$$libinit$$0000001B  c_p.l(libinit2.o)
    0x00000126   0x00000000   Code   RO          483    .ARM.Collect$$libinit$$0000001D  c_p.l(libinit2.o)
    0x00000126   0x00000000   Code   RO          485    .ARM.Collect$$libinit$$0000001F  c_p.l(libinit2.o)
    0x00000126   0x00000000   Code   RO          487    .ARM.Collect$$libinit$$00000021  c_p.l(libinit2.o)
    0x00000126   0x00000000   Code   RO          489    .ARM.Collect$$libinit$$00000023  c_p.l(libinit2.o)
    0x00000126   0x00000000   Code   RO          491    .ARM.Collect$$libinit$$00000025  c_p.l(libinit2.o)
    0x00000126   0x00000000   Code   RO          495    .ARM.Collect$$libinit$$0000002C  c_p.l(libinit2.o)
    0x00000126   0x00000000   Code   RO          497    .ARM.Collect$$libinit$$0000002E  c_p.l(libinit2.o)
    0x00000126   0x00000000   Code   RO          499    .ARM.Collect$$libinit$$00000030  c_p.l(libinit2.o)
    0x00000126   0x00000000   Code   RO          501    .ARM.Collect$$libinit$$00000032  c_p.l(libinit2.o)
    0x00000126   0x00000002   Code   RO          502    .ARM.Collect$$libinit$$00000033  c_p.l(libinit2.o)
    0x00000128   0x00000002   Code   RO          533    .ARM.Collect$$libshutdown$$00000000  c_p.l(libshutdown.o)
    0x0000012a   0x00000000   Code   RO          559    .ARM.Collect$$libshutdown$$00000002  c_p.l(libshutdown2.o)
    0x0000012a   0x00000000   Code   RO          561    .ARM.Collect$$libshutdown$$00000004  c_p.l(libshutdown2.o)
    0x0000012a   0x00000000   Code   RO          564    .ARM.Collect$$libshutdown$$00000007  c_p.l(libshutdown2.o)
    0x0000012a   0x00000000   Code   RO          567    .ARM.Collect$$libshutdown$$0000000A  c_p.l(libshutdown2.o)
    0x0000012a   0x00000000   Code   RO          569    .ARM.Collect$$libshutdown$$0000000C  c_p.l(libshutdown2.o)
    0x0000012a   0x00000000   Code   RO          572    .ARM.Collect$$libshutdown$$0000000F  c_p.l(libshutdown2.o)
    0x0000012a   0x00000002   Code   RO          573    .ARM.Collect$$libshutdown$$00000010  c_p.l(libshutdown2.o)
    0x0000012c   0x00000000   Code   RO          408    .ARM.Collect$$rtentry$$00000000  c_p.l(__rtentry.o)
    0x0000012c   0x00000000   Code   RO          415    .ARM.Collect$$rtentry$$00000002  c_p.l(__rtentry2.o)
    0x0000012c   0x00000006   Code   RO          427    .ARM.Collect$$rtentry$$00000004  c_p.l(__rtentry4.o)
    0x00000132   0x00000000   Code   RO          417    .ARM.Collect$$rtentry$$00000009  c_p.l(__rtentry2.o)
    0x00000132   0x00000004   Code   RO          418    .ARM.Collect$$rtentry$$0000000A  c_p.l(__rtentry2.o)
    0x00000136   0x00000000   Code   RO          420    .ARM.Collect$$rtentry$$0000000C  c_p.l(__rtentry2.o)
    0x00000136   0x00000008   Code   RO          421    .ARM.Collect$$rtentry$$0000000D  c_p.l(__rtentry2.o)
    0x0000013e   0x00000002   Code   RO          450    .ARM.Collect$$rtexit$$00000000  c_p.l(rtexit.o)
    0x00000140   0x00000000   Code   RO          506    .ARM.Collect$$rtexit$$00000002  c_p.l(rtexit2.o)
    0x00000140   0x00000004   Code   RO          507    .ARM.Collect$$rtexit$$00000003  c_p.l(rtexit2.o)
    0x00000144   0x00000006   Code   RO          508    .ARM.Collect$$rtexit$$00000004  c_p.l(rtexit2.o)
    0x0000014a   0x00000002   PAD
    0x0000014c   0x00000078   Code   RO          224    .emb_text           port.o
    0x000001c4   0x00000038   Code   RO            4    .text               startup_w7500x_freertos.o
    0x000001fc   0x00000314   Code   RO           12    .text               w7500x_gpio.o
    0x00000510   0x00000244   Code   RO           82    .text               w7500x_uart.o
    0x00000754   0x0000009c   Code   RO          106    .text               system_w7500x.o
    0x000007f0   0x0000017c   Code   RO          132    .text               main.o
    0x0000096c   0x0000003c   Code   RO          203    .text               w7500x_it.o
    0x000009a8   0x000000bc   Code   RO          225    .text               port.o
    0x00000a64   0x000009a4   Code   RO          242    .text               tasks.o
    0x00001408   0x00000088   Code   RO          279    .text               list.o
    0x00001490   0x000000f0   Code   RO          306    .text               heap_2.o
    0x00001580   0x00000198   Code   RO          354    .text               print_x.o
    0x00001718   0x0000015a   Code   RO          379    .text               c_p.l(aeabi_sdiv.o)
    0x00001872   0x00000006   Code   RO          383    .text               c_p.l(heapauxi.o)
    0x00001878   0x00000358   Code   RO          387    .text               fz_ps.l(daddsub.o)
    0x00001bd0   0x00000048   Code   RO          389    .text               fz_ps.l(dfixui.o)
    0x00001c18   0x00000054   Code   RO          391    .text               fz_ps.l(f2d.o)
    0x00001c6c   0x00000160   Code   RO          399    .text               fz_ps.l(fdiv.o)
    0x00001dcc   0x00000030   Code   RO          402    .text               fz_ps.l(ffixui.o)
    0x00001dfc   0x0000005e   Code   RO          404    .text               fz_ps.l(fflti.o)
    0x00001e5a   0x00000002   PAD
    0x00001e5c   0x00000044   Code   RO          406    .text               fz_ps.l(fscalbn.o)
    0x00001ea0   0x0000003e   Code   RO          431    .text               c_p.l(sys_stackheap_outer.o)
    0x00001ede   0x00000010   Code   RO          434    .text               c_p.l(exit.o)
    0x00001eee   0x00000002   PAD
    0x00001ef0   0x00000008   Code   RO          446    .text               c_p.l(libspace.o)
    0x00001ef8   0x0000000c   Code   RO          503    .text               c_p.l(sys_exit.o)
    0x00001f04   0x00000002   Code   RO          522    .text               c_p.l(use_no_semi.o)
    0x00001f06   0x00000000   Code   RO          524    .text               c_p.l(indicate_semi.o)
    0x00001f06   0x0000001a   Code   RO          255    i.__ARM_common_switch8  tasks.o
    0x00001f20   0x0000008c   Code   RO          393    x$fpl$fadd          fz_ps.l(faddsub.o)
    0x00001fac   0x00000018   Code   RO          394    x$fpl$frsb          fz_ps.l(faddsub.o)
    0x00001fc4   0x000000d0   Code   RO          395    x$fpl$fsub          fz_ps.l(faddsub.o)
    0x00002094   0x00000000   Code   RO          413    x$fpl$usenofp       fz_ps.l(usenofp.o)
    0x00002094   0x00000040   Data   RO          400    .constdata          fz_ps.l(fdiv.o)
    0x000020d4   0x00000020   Data   RO          574    Region$$Table       anon$$obj.o


    Execution Region RW_IRAM1 (Base: 0x20000000, Size: 0x00002178, Max: 0x00004000, ABSOLUTE)

    Base Addr    Size         Type   Attr      Idx    E Section Name        Object

    0x20000000   0x00000008   Data   RW          107    .data               system_w7500x.o
    0x20000008   0x00000008   Data   RW          133    .data               main.o
    0x20000010   0x00000004   Data   RW          226    .data               port.o
    0x20000014   0x00000038   Data   RW          244    .data               tasks.o
    0x2000004c   0x00000018   Data   RW          308    .data               heap_2.o
    0x20000064   0x000000b4   Zero   RW          243    .bss                tasks.o
    0x20000118   0x00001000   Zero   RW          307    .bss                heap_2.o
    0x20001118   0x00000060   Zero   RW          447    .bss                c_p.l(libspace.o)
    0x20001178   0x00000800   Zero   RW            2    HEAP                startup_w7500x_freertos.o
    0x20001978   0x00000800   Zero   RW            1    STACK               startup_w7500x_freertos.o


==============================================================================

Image component sizes


      Code (inc. data)   RO Data    RW Data    ZI Data      Debug   Object Name

       240         12          0         24       4096       3460   heap_2.o
       136          0          0          0          0       1986   list.o
       380        152          0          8          0      13253   main.o
       308         32          0          4          0       4026   port.o
       408         14          0          0          0       2170   print_x.o
        56         26        168          0       4096        808   startup_w7500x_freertos.o
       156         24          0          8          0       1348   system_w7500x.o
      2494         58          0         56        180      18999   tasks.o
       788         16          0          0          0      36531   w7500x_gpio.o
        60          0          0          0          0       3050   w7500x_it.o
       580         28          0          0          0      13145   w7500x_uart.o

    ----------------------------------------------------------------------
      5606        362        200        100       8372      98776   Object Totals
         0          0         32          0          0          0   (incl. Generated)
         0          0          0          0          0          0   (incl. Padding)

    ----------------------------------------------------------------------

      Code (inc. data)   RO Data    RW Data    ZI Data      Debug   Library Member Name

         8          0          0          0          0         68   __main.o
         0          0          0          0          0          0   __rtentry.o
        12          0          0          0          0          0   __rtentry2.o
         6          0          0          0          0          0   __rtentry4.o
        60          8          0          0          0          0   __scatter.o
        26          0          0          0          0          0   __scatter_copy.o
        28          0          0          0          0          0   __scatter_zi.o
       346          0          0          0          0         92   aeabi_sdiv.o
        16          0          0          0          0         68   exit.o
         6          0          0          0          0        136   heapauxi.o
         0          0          0          0          0          0   indicate_semi.o
         2          0          0          0          0          0   libinit.o
         2          0          0          0          0          0   libinit2.o
         2          0          0          0          0          0   libshutdown.o
         2          0          0          0          0          0   libshutdown2.o
         8          4          0          0         96         68   libspace.o
         2          0          0          0          0          0   rtexit.o
        10          0          0          0          0          0   rtexit2.o
        12          4          0          0          0         60   sys_exit.o
        62          0          0          0          0         80   sys_stackheap_outer.o
         2          0          0          0          0         68   use_no_semi.o
       856         20          0          0          0        208   daddsub.o
        72          4          0          0          0         68   dfixui.o
        84          4          0          0          0         60   f2d.o
       372          8          0          0          0        240   faddsub.o
       352         10         64          0          0         92   fdiv.o
        48          0          0          0          0         60   ffixui.o
        94          0          0          0          0         92   fflti.o
        68          4          0          0          0         68   fscalbn.o
         0          0          0          0          0          0   usenofp.o

    ----------------------------------------------------------------------
      2566         66         64          0         96       1528   Library Totals
         8          0          0          0          0          0   (incl. Padding)

    ----------------------------------------------------------------------

      Code (inc. data)   RO Data    RW Data    ZI Data      Debug   Library Name

       612         16          0          0         96        640   c_p.l
      1946         50         64          0          0        888   fz_ps.l

    ----------------------------------------------------------------------
      2566         66         64          0         96       1528   Library Totals

    ----------------------------------------------------------------------

==============================================================================


      Code (inc. data)   RO Data    RW Data    ZI Data      Debug   

      8172        428        264        100       8468      98456   Grand Totals
      8172        428        264        100       8468      98456   ELF Image Totals
      8172        428        264        100          0          0   ROM Totals

==============================================================================

    Total RO  Size (Code + RO Data)                 8436 (   8.24kB)
    Total RW  Size (RW Data + ZI Data)              8568 (   8.37kB)
    Total ROM Size (Code + RO Data + RW Data)       8536 (   8.34kB)

==============================================================================

